
> vote-unitysummit@1.0.12 build
> next build

Γû▓ Next.js 16.2.3 (Turbopack)
- Environments: .env.local, .env

  Creating an optimized production build ...
node.exe : Turbopack build encountered 1 warnings:
At C:\Program Files\nodejs\npm.ps1:29 char:3
+   & $NODE_EXE $NPM_CLI_JS $args
+   ~~~~~~~~~~~~~~~~~~~~~~~~~~~~~
    + CategoryInfo          : NotSpecified: (Turbopack build encountered 1 war 
   nings::String) [], RemoteException
    + FullyQualifiedErrorId : NativeCommandError
 
./next.config.ts
Encountered unexpected file in NFT list
A file was traced that indicates that the whole project was traced 
unintentionally. Somewhere in the import trace below, there are:
- filesystem operations (like path.join, path.resolve or fs.readFile), or
- very dynamic requires (like require('./' + foo)).
To resolve this, you can
- remove them if possible, or
- only use them in development, or
- make sure they are statically scoped to some subfolder: 
path.join(process.cwd(), 'data', bar), or
- add ignore comments: path.join(/*turbopackIgnore: true*/ process.cwd(), bar)

Import trace:
  App Route:
    ./next.config.ts
    ./lib/upload-path.ts
    ./app/api/admin/upload/route.ts


Γ£ô Compiled successfully in 33.6s
  Running TypeScript ...
Failed to type check.

.next/dev/types/validator.ts:170:1
Type error: Unexpected keyword or identifier.

  [90m168 |[0m   [36mtype[0m __Unused = __Check
  [90m169 |[0m }
[31m[1m>[0m [90m170 |[0m eof 
[36mimport[0m([32m"../../../app/api/admin/me/route.js"[0m)
  [90m    |[0m [31m[1m^[0m
  [90m171 |[0m   [36mtype[0m __Check = __IsExpected<[36mtypeof[0m 
handler>
  [90m172 |[0m   [90m// @ts-ignore[0m
  [90m173 |[0m   [36mtype[0m __Unused = __Check
Next.js build worker exited with code: 1 and signal: null
